// Vitest Snapshot v1, https://vitest.dev/guide/snapshot.html

exports[`TagFilterSection > rendering > should match snapshot 1`] = `
<div>
  <div
    class="py-2 pr-2 pl-[18px]"
  >
    <div
      class="flex-wrap gap-1"
      data-testid="flex"
    >
      <span
        class="text-foreground-muted text-xs"
      >
        models.filter.by_tag
      </span>
      <button
        aria-label="tag-vision"
        data-inactive="false"
        type="button"
      >
        vision
      </button>
      <button
        aria-label="tag-embedding"
        data-inactive="false"
        type="button"
      >
        embedding
      </button>
      <button
        aria-label="tag-reasoning"
        data-inactive="false"
        type="button"
      >
        reasoning
      </button>
      <button
        aria-label="tag-function_calling"
        data-inactive="false"
        type="button"
      >
        function_calling
      </button>
      <button
        aria-label="tag-web_search"
        data-inactive="false"
        type="button"
      >
        web_search
      </button>
      <button
        aria-label="tag-rerank"
        data-inactive="false"
        type="button"
      >
        rerank
      </button>
      <button
        aria-label="tag-free"
        data-inactive="false"
        type="button"
      >
        free
      </button>
    </div>
  </div>
</div>
`;
