// Vitest Snapshot v1, https://vitest.dev/guide/snapshot.html

exports[`DynamicVirtualList > basic rendering > snapshot test 1`] = `
<div>
  <div
    aria-hidden="false"
    class="dynamic-virtual-list [&::-webkit-scrollbar-thumb:hover]:bg-[var(--color-scrollbar-thumb-hover)] [&::-webkit-scrollbar-thumb]:transition-[background] [&::-webkit-scrollbar-thumb]:duration-300 [&::-webkit-scrollbar-thumb]:ease-in-out [&::-webkit-scrollbar-thumb]:will-change-[background] [&::-webkit-scrollbar-thumb]:bg-[var(--color-scrollbar-thumb)]"
    role="region"
    style="overflow: auto; scrollbar-color: var(--color-scrollbar-thumb) transparent; height: 100%;"
  >
    <div
      style="position: relative; width: 100%; height: 150px;"
    >
      <div
        data-index="0"
        style="position: absolute; top: 0px; left: 0px; z-index: 0; pointer-events: auto; transform: translateY(0px); width: 100%;"
      >
        <div
          data-testid="item-0"
        >
          Item 1
        </div>
      </div>
      <div
        data-index="1"
        style="position: absolute; top: 0px; left: 0px; z-index: 0; pointer-events: auto; transform: translateY(50px); width: 100%;"
      >
        <div
          data-testid="item-1"
        >
          Item 2
        </div>
      </div>
      <div
        data-index="2"
        style="position: absolute; top: 0px; left: 0px; z-index: 0; pointer-events: auto; transform: translateY(100px); width: 100%;"
      >
        <div
          data-testid="item-2"
        >
          Item 3
        </div>
      </div>
    </div>
  </div>
</div>
`;
