// Vitest Snapshot v1, https://vitest.dev/guide/snapshot.html

exports[`SvgPreview > basic rendering > should match snapshot 1`] = `
<div>
  <div
    data-source="svg"
    data-testid="image-preview-layout"
  >
    <div
      data-testid="toolbar"
    >
      Toolbar
    </div>
    <div
      data-testid="preview-content"
    >
      <div
        class="svg-preview special-preview"
      />
    </div>
  </div>
</div>
`;
