// Vitest Snapshot v1, https://vitest.dev/guide/snapshot.html

exports[`Hyperlink > should match snapshot for normal url 1`] = `
<div>
  <div
    data-testid="popover"
  >
    <span
      class="inline"
      data-testid="popover-trigger"
    >
      <span>
        Child
      </span>
    </span>
  </div>
</div>
`;
