// Vitest Snapshot v1, https://vitest.dev/guide/snapshot.html

exports[`IndicatorLight > should match snapshot 1`] = `
.c0 {
  width: 8px;
  height: 8px;
  border-radius: 50%;
  background-color: #22c55e;
  box-shadow: 0 0 6px #22c55e;
  animation: pulse 2s infinite;
}

<div
  class="c0"
  color="#22c55e"
  size="8"
/>
`;
